[14:37:33] [ServerMain/INFO]: [bootstrap] Running Java 21 (OpenJDK 64-Bit Server VM 21.0.10+7-Ubuntu-124.04; Ubuntu null) on Linux 6.8.0-1044-azure (amd64)
[14:37:33] [ServerMain/INFO]: [bootstrap] Loading Paper 1.21.11-99-main@81b9122 (2026-01-20T19:08:30Z) for Minecraft 1.21.11
[14:37:33] [ServerMain/INFO]: [PluginInitializerManager] Initializing plugins...
[14:37:34] [ServerMain/INFO]: [PluginInitializerManager] Initialized 15 plugins
[14:37:34] [ServerMain/INFO]: [PluginInitializerManager] Bukkit plugins (15):
 - BetterTPA (1.1.1), Chunky (1.4.40), CoreProtect (23.1), DiscordSRV (1.30.4), Geyser-Spigot (2.9.3-SNAPSHOT), LuckPerms (5.5.32), Multiverse-Core (5.5.2), Multiverse-Inventories (5.3.1), SkinsRestorer (15.10.0), TAB (5.5.0), UltimateHomes (3.1), ViaBackwards (5.7.2-SNAPSHOT), ViaVersion (5.7.2-SNAPSHOT), WorldEdit (7.4.0+7381-3decaf0), connect (0.7.2)
[14:37:40] [ServerMain/INFO]: Environment: Environment[sessionHost=https://sessionserver.mojang.com, servicesHost=https://api.minecraftservices.com, profilesHost=https://api.mojang.com, name=PROD]
[14:37:43] [ServerMain/INFO]: Loaded 1470 recipes
[14:37:43] [ServerMain/INFO]: Loaded 1584 advancements
[14:37:43] [ServerMain/INFO]: [ca.spottedleaf.dataconverter.minecraft.datatypes.MCTypeRegistry] Initialising converters for DataConverter...
[14:37:43] [ServerMain/INFO]: [ca.spottedleaf.dataconverter.minecraft.datatypes.MCTypeRegistry] Finished initialising converters for DataConverter in 498.3ms
[14:37:44] [Server thread/INFO]: Starting minecraft server version 1.21.11
[14:37:44] [Server thread/INFO]: Loading properties
[14:37:44] [Server thread/INFO]: This server is running Paper version 1.21.11-99-main@81b9122 (2026-01-20T19:08:30Z) (Implementing API version 1.21.11-R0.1-SNAPSHOT)
[14:37:44] [Server thread/INFO]: [spark] This server bundles the spark profiler. For more information please visit https://docs.papermc.io/paper/profiling
[14:37:44] [Server thread/INFO]: Server Ping Player Sample Count: 12
[14:37:44] [Server thread/INFO]: Using 4 threads for Netty based IO
[14:37:45] [Server thread/INFO]: [MoonriseCommon] Paper is using 1 worker threads, 1 I/O threads
[14:37:45] [Server thread/INFO]: Default game type: SURVIVAL
[14:37:45] [Server thread/INFO]: Generating keypair
[14:37:45] [Server thread/INFO]: Starting Minecraft server on *:25565
[14:37:45] [Server thread/INFO]: Paper: Using libdeflate (Linux x86_64) compression from Velocity.
[14:37:45] [Server thread/INFO]: Paper: Using OpenSSL 3.x.x (Linux x86_64) cipher from Velocity.
[14:37:46] [Server thread/INFO]: [ViaVersion] Loading server plugin ViaVersion v5.7.2-SNAPSHOT
[14:37:46] [Server thread/INFO]: [ViaVersion] ViaVersion 5.7.2-SNAPSHOT is now loaded. Registering protocol transformers and injecting...
[14:37:47] [Via-Mappingloader-1/INFO]: [ViaVersion] Loading block connection mappings ...
[14:37:47] [Via-Mappingloader-1/INFO]: [ViaVersion] Using FastUtil Long2ObjectOpenHashMap for block connections
[14:37:47] [Server thread/INFO]: [ViaBackwards] Loading translations...
[14:37:47] [Server thread/INFO]: [ViaBackwards] Registering protocols...
[14:37:48] [Server thread/INFO]: [WorldEdit] Loading server plugin WorldEdit v7.4.0+7381-3decaf0
[14:37:49] [Server thread/INFO]: Got request to register class com.sk89q.worldedit.bukkit.BukkitServerInterface with WorldEdit [com.sk89q.worldedit.extension.platform.PlatformManager@4cc533db]
[14:37:49] [Server thread/INFO]: [ViaBackwards] Loading server plugin ViaBackwards v5.7.2-SNAPSHOT
[14:37:49] [Server thread/INFO]: [CoreLogging] Loading server plugin Multiverse-Core v5.5.2
[14:37:49] [Server thread/INFO]: [LuckPerms] Loading server plugin LuckPerms v5.5.32
[14:37:49] [Server thread/INFO]: [LuckPerms] Loading configuration...
[14:37:49] [Server thread/INFO]: [CoreProtect] Loading server plugin CoreProtect v23.1
[14:37:49] [Server thread/INFO]: [UltimateHomes] Loading server plugin UltimateHomes v3.1
[14:37:49] [Server thread/INFO]: [connect] Loading server plugin connect v0.7.2
[14:37:51] [Server thread/WARN]: [connect] en_ is not a supported language.
[14:37:51] [Server thread/INFO]: [connect] Took 1,404ms to boot Connect
[14:37:51] [Server thread/INFO]: [SkinsRestorer] Loading server plugin SkinsRestorer v15.10.0
[14:37:51] [Server thread/INFO]: [Chunky] Loading server plugin Chunky v1.4.40
[14:37:51] [Server thread/INFO]: [InvLogging] Loading server plugin Multiverse-Inventories v5.3.1
[14:37:51] [Server thread/INFO]: [Geyser-Spigot] Loading server plugin Geyser-Spigot v2.9.3-SNAPSHOT
[14:37:51] [Server thread/INFO]: [Geyser-Spigot] Loading extensions...
[14:37:51] [Server thread/INFO]: [Geyser-Spigot] Loaded 0 extension(s)
[14:37:51] [Server thread/INFO]: [BetterTPA] Loading server plugin BetterTPA v1.1.1
[14:37:51] [Server thread/INFO]: [TAB] Loading server plugin TAB v5.5.0
[14:37:51] [Server thread/INFO]: [DiscordSRV] Loading server plugin DiscordSRV v1.30.4
[14:37:51] [Server thread/INFO]: Server permissions file permissions.yml is empty, ignoring it
[14:37:51] [Server thread/INFO]: [WorldEdit] Enabling WorldEdit v7.4.0+7381-3decaf0
[14:37:51] [Server thread/INFO]: Registering commands with com.sk89q.worldedit.bukkit.BukkitServerInterface
[14:37:51] [Server thread/INFO]: WEPIF: Using the Bukkit Permissions API.
[14:37:52] [Server thread/INFO]: Using com.sk89q.worldedit.bukkit.adapter.impl.v1_21_11.PaperweightAdapter as the Bukkit adapter
[14:37:52] [Server thread/INFO]: [LuckPerms] Enabling LuckPerms v5.5.32
[14:37:52] [Server thread/INFO]:         __    
[14:37:52] [Server thread/INFO]:   |    |__)   LuckPerms v5.5.32
[14:37:52] [Server thread/INFO]:   |___ |      Running on Bukkit - Paper
[14:37:52] [Server thread/INFO]: 
[14:37:52] [Server thread/INFO]: [LuckPerms] Loading storage provider... [H2]
[14:37:53] [Server thread/INFO]: [LuckPerms] Loading internal permission managers...
[14:37:53] [Server thread/INFO]: [LuckPerms] Performing initial data load...
[14:37:53] [Server thread/INFO]: [LuckPerms] Successfully enabled. (took 1318ms)
[14:37:53] [Server thread/INFO]: [SkinsRestorer] Enabling SkinsRestorer v15.10.0
[14:37:54] [Server thread/INFO]: [SkinsRestorer] Running on Minecraft 1.21.11.
[14:37:54] [Server thread/INFO]: [SkinsRestorer] Using paper join listener!
[14:37:55] [Server thread/WARN]: **** SERVER IS RUNNING IN OFFLINE/INSECURE MODE!
[14:37:55] [Server thread/WARN]: The server will make no attempt to authenticate usernames. Beware.
[14:37:55] [Server thread/WARN]: While this makes the game possible to play without internet access, it also opens up the ability for hackers to connect with any username they choose.
[14:37:55] [Server thread/WARN]: To change this, set "online-mode" to "true" in the server.properties file.
[14:37:55] [Server thread/INFO]: Preparing level "world"
[14:37:55] [Server thread/INFO]: [ca.spottedleaf.moonrise.common.util.MoonriseConstants] NUMA enable flag is not set; however there is NUMA interaction support for this OS.
[14:37:55] [Server thread/INFO]: [ca.spottedleaf.moonrise.common.util.MoonriseConstants] Detected 1 NUMA nodes.
[14:37:55] [Folia Async Scheduler Thread #1/INFO]: [SkinsRestorer] ----------------------------------------------
[14:37:55] [Folia Async Scheduler Thread #1/INFO]: [SkinsRestorer]     +==================+
[14:37:55] [Folia Async Scheduler Thread #1/INFO]: [SkinsRestorer]     |   SkinsRestorer  |
[14:37:55] [Folia Async Scheduler Thread #1/INFO]: [SkinsRestorer]     |------------------|
[14:37:55] [Folia Async Scheduler Thread #1/INFO]: [SkinsRestorer]     |  Standalone Mode |
[14:37:55] [Folia Async Scheduler Thread #1/INFO]: [SkinsRestorer]     +==================+
[14:37:55] [Folia Async Scheduler Thread #1/INFO]: [SkinsRestorer] ----------------------------------------------
[14:37:55] [Folia Async Scheduler Thread #1/INFO]: [SkinsRestorer]     Version: 15.10.0
[14:37:55] [Folia Async Scheduler Thread #1/INFO]: [SkinsRestorer]     Commit: fcb9320
[14:37:55] [Folia Async Scheduler Thread #1/INFO]: [SkinsRestorer]     A new version (15.10.2) is available! Downloading update...
[14:37:55] [Folia Async Scheduler Thread #1/INFO]: [SkinsRestorer] ----------------------------------------------
[14:37:55] [Folia Async Scheduler Thread #1/INFO]: [SkinsRestorer] Do you have issues? Read our troubleshooting guide: https://skinsrestorer.net/docs/troubleshooting
[14:37:55] [Folia Async Scheduler Thread #1/INFO]: [SkinsRestorer] Want to support SkinsRestorer? Consider donating: https://skinsrestorer.net/donate
[14:37:55] [Folia Async Scheduler Thread #1/INFO]: [SkinsRestorer] [GitHubUpdate] Downloading update...
[14:37:55] [Folia Async Scheduler Thread #1/INFO]: [SkinsRestorer] [GitHubUpdate] Downloaded update in 588ms
[14:37:55] [Folia Async Scheduler Thread #1/INFO]: [SkinsRestorer] [GitHubUpdate] Update saved as SkinsRestorer.jar
[14:37:55] [Folia Async Scheduler Thread #1/INFO]: [SkinsRestorer] [GitHubUpdate] The update will be loaded on the next server restart
[14:37:56] [Server thread/INFO]: Loading 49 persistent chunks for world 'minecraft:overworld'...
[14:37:56] [Server thread/INFO]: Preparing spawn area: 16%
[14:37:57] [Server thread/INFO]: Prepared spawn area in 1395 ms
[14:37:57] [Server thread/INFO]: Loading 49 persistent chunks for world 'minecraft:the_nether'...
[14:37:57] [Server thread/INFO]: Preparing spawn area: 16%
[14:37:58] [Server thread/INFO]: Prepared spawn area in 443 ms
[14:37:58] [Server thread/INFO]: Loading 0 persistent chunks for world 'minecraft:the_end'...
[14:37:58] [Server thread/INFO]: Prepared spawn area in 0 ms
[14:37:58] [Server thread/INFO]: Done preparing level "world" (3.112s)
[14:37:58] [Server thread/INFO]: [ViaVersion] Enabling ViaVersion v5.7.2-SNAPSHOT
[14:37:58] [Server thread/INFO]: [ViaVersion] ViaVersion detected server version: 1.21.11 (774)
[14:37:58] [Server thread/INFO]: [ViaBackwards] Enabling ViaBackwards v5.7.2-SNAPSHOT
[14:37:58] [Server thread/INFO]: [Multiverse-Core] Enabling Multiverse-Core v5.5.2
[14:37:59] [Server thread/INFO]: Loading 0 persistent chunks for world 'minecraft:creativo'...
[14:37:59] [Server thread/INFO]: Prepared spawn area in 0 ms
[14:37:59] [Server thread/INFO]: [Multiverse-Core] API service loaded!
[14:37:59] [Server thread/INFO]: [Multiverse-Core] Version 5.5.2 (API v5.5) Enabled - By dumptruckman, Rigby, fernferret, lithium3141, main--, benwoo1110 and Zax71
[14:37:59] [Server thread/INFO]: [Multiverse-Core] Loving Multiverse-Core? Please consider supporting the project with a small donation: https://github.com/sponsors/Multiverse
[14:37:59] [Server thread/INFO]: [CoreProtect] Enabling CoreProtect v23.1
[14:37:59] [Server thread/INFO]: [CoreProtect] CoreProtect Community Edition has been successfully enabled! 
[14:37:59] [Server thread/INFO]: [CoreProtect] Using SQLite for data storage.
[14:37:59] [Server thread/INFO]: --------------------
[14:37:59] [Server thread/INFO]: [CoreProtect] Enjoy CoreProtect? Join our Discord!
[14:37:59] [Server thread/INFO]: [CoreProtect] Discord: www.coreprotect.net/discord/
[14:37:59] [Server thread/INFO]: --------------------
[14:37:59] [Server thread/INFO]: [UltimateHomes] Enabling UltimateHomes v3.1
[14:37:59] [Server thread/INFO]: 
[14:37:59] [Server thread/INFO]: --------------------------------------
[14:37:59] [Server thread/INFO]:        UltimateHomes by kixmc
[14:37:59] [Server thread/INFO]:        Enabled on version 3.1
[14:37:59] [Server thread/INFO]: --------------------------------------
[14:37:59] [Server thread/INFO]:  
[14:37:59] [Server thread/INFO]: [connect] Enabling connect v0.7.2
[14:38:00] [Server thread/INFO]: [connect] Endpoint name: slight-faroe
[14:38:00] [Server thread/INFO]: [connect] Your public address: slight-faroe.play.minekube.net
[14:38:00] [Server thread/INFO]: [Chunky] Enabling Chunky v1.4.40
[14:38:00] [Server thread/INFO]: [Multiverse-Inventories] Enabling Multiverse-Inventories v5.3.1
[14:38:00] [OkHttp https://watch-connect.minekube.net/.../INFO]: [connect] Started watching for new player sessions
[14:38:00] [Server thread/INFO]: [Multiverse-Inventories] Loading player names map...
[14:38:00] [Server thread/INFO]: [Multiverse-Inventories] Version 5.3.1 (API v5.3) Enabled - By dumptruckman and benwoo1110
[14:38:00] [Server thread/INFO]: [Geyser-Spigot] Enabling Geyser-Spigot v2.9.3-SNAPSHOT
[14:38:01] [Server thread/INFO]: [BetterTPA] Enabling BetterTPA v1.1.1
[14:38:02] [Server thread/INFO]: [TAB] Enabling TAB v5.5.0
[14:38:02] [Server thread/INFO]: [TAB] Enabled in 188ms
[14:38:02] [Server thread/INFO]: [DiscordSRV] Enabling DiscordSRV v1.30.4
[14:38:02] [Server thread/INFO]: [DiscordSRV] API listener org.mvplugins.multiverse.inventories.listeners.AdvancementDonePaperHelper$DiscordSrvHook subscribed (1 methods)
[14:38:02] [DiscordSRV - Initialization/ERROR]: [DiscordSRV] No bot token has been set in the config; a bot token is required to connect to Discord.
[14:38:02] [Server thread/INFO]: [spark] Starting background profiler...
[14:38:03] [pool-39-thread-1/INFO]: [DiscordSRV] DiscordSRV is up-to-date. (3ac35c15e43cb693f68baf05b72a26ebd4d3d78d)
[14:38:03] [Server thread/INFO]: [Geyser-Spigot] ******************************************
[14:38:03] [Server thread/INFO]: [Geyser-Spigot] 
[14:38:03] [Server thread/INFO]: [Geyser-Spigot] Loading Geyser version 2.9.3-b1068 (git-master-53a0ed5)
[14:38:03] [Server thread/INFO]: [Geyser-Spigot] 
[14:38:03] [Server thread/INFO]: [Geyser-Spigot] ******************************************
[14:38:06] [GeyserServer-5-1/INFO]: [Geyser-Spigot] Started Geyser on UDP port 19132
[14:38:06] [Server thread/INFO]: [Geyser-Spigot] Done (3.356s)! Run /geyser help for help!
[14:38:06] [Server thread/INFO]: Running delayed init tasks
[14:38:06] [Server thread/INFO]: [Chunky] No tasks to continue.
[14:38:06] [Server thread/INFO]: [CoreProtect] WorldEdit logging successfully initialized.
[14:38:06] [Server thread/INFO]: [DiscordSRV] Disabling DiscordSRV v1.30.4
[14:38:06] [Craft Scheduler Thread - 2 - ViaVersion/INFO]: [ViaVersion] Finished mapping loading, shutting down loader executor.
[14:38:06] [Server thread/INFO]: Done (34.597s)! For help, type "help"
[14:38:06] [Paper Async Task Handler Thread - 1/INFO]: *** Currently you are 27 build(s) behind ***
[14:38:06] [Paper Async Task Handler Thread - 1/INFO]: *** It is highly recommended to download the latest build from https://papermc.io/downloads/paper ***
[14:38:06] [Server thread/WARN]: [ViaVersion] There is a newer plugin version available: 5.7.2, you're on: 5.7.2-SNAPSHOT
[14:39:29] [User Authenticator #0/INFO]: UUID of player TheKingDragon_YT is 1b2fa22e-9d4f-3bea-99c5-206d76f1aca3
[14:39:29] [Server thread/INFO]: [HorriblePlayerLoginEventHack] You have plugins listening to the PlayerLoginEvent, this will cause re-configuration APIs to be unavailable: [LuckPerms, connect]
[14:39:31] [Server thread/INFO]: TheKingDragon_YT joined the game
[14:39:31] [Server thread/INFO]: TheKingDragon_YT[/127.74.167.207:49673] logged in with entity id 371 at ([world]-222.4974068673345, 71.0, -62.041633007961046)
[14:47:43] [Server thread/INFO]: TheKingDragon_YT lost connection: Timed out
[14:47:44] [Server thread/INFO]: TheKingDragon_YT left the game
[14:48:01] [User Authenticator #1/INFO]: UUID of player TheKingDragon_YT is 1b2fa22e-9d4f-3bea-99c5-206d76f1aca3
[14:48:01] [Server thread/INFO]: TheKingDragon_YT joined the game
[14:48:01] [Server thread/INFO]: TheKingDragon_YT[/127.74.167.207:37357] logged in with entity id 4417 at ([world]-251.49767171685272, 70.8447679954834, -94.41624288345443)
[14:54:38] [Server thread/INFO]: Villager Villager['Villager'/48, uuid='27265737-6cd9-40a4-9cb7-ee6e8c63b6c6', l='ServerLevel[world]', x=-205.06, y=69.38, z=-54.11, cpos=[-13, -4], tl=17799, v=true] died, message: 'Villager tried to swim in lava'
[14:56:46] [Async Chat Thread - #0/INFO]: [Not Secure] <TheKingDragon_YT> zzzzzzzzzz
[15:33:09] [Server thread/INFO]: TheKingDragon_YT issued server command: /home aldea
[15:33:19] [Server thread/INFO]: Villager Villager['Villager'/32077, uuid='8d3f93b1-0555-46b6-9b40-5abaac7bf460', l='ServerLevel[world]', x=-497.18, y=62.00, z=663.64, cpos=[-32, 41], tl=191, v=true] died, message: 'Villager suffocated in a wall'
[15:33:49] [Server thread/INFO]: TheKingDragon_YT issued server command: /home base
